// Jest Snapshot v1, https://goo.gl/fbAQLP

exports[`Form component renders Form 1`] = `
<DocumentFragment>
  <main>
    <form>
      <input
        id="urlInput"
        name="url"
        placeholder="URL"
        type="text"
        value=""
      />
      <section>
        <div>
          <label
            for="GET"
          >
            <input
              id="GET"
              name="method"
              type="radio"
              value="GET"
            />
            GET
          </label>
          <label>
            <input
              name="method"
              type="radio"
              value="PUT"
            />
            PUT
          </label>
          <label>
            <input
              name="method"
              type="radio"
              value="POST"
            />
            POST
          </label>
          <label>
            <input
              name="method"
              type="radio"
              value="DELETE"
            />
            DELETE
          </label>
        </div>
        <button>
          Ok!
        </button>
      </section>
      <textarea
        name="json"
      />
    </form>
  </main>
</DocumentFragment>
`;
