// Jest Snapshot v1, https://goo.gl/fbAQLP

exports[`Results component renders Results 1`] = `
<DocumentFragment>
  <div />
</DocumentFragment>
`;
